// 同步 ID: 11c408cc @ Sun Jul  5 09:05:47 UTC 2026
// 同步 ID: ce043fa1 @ Sun Jul  5 19:33:48 UTC 2026
// 同步 ID: 370b3c25 @ Thu Jul  9 09:14:02 UTC 2026
// 同步 ID: e298bfbb @ Fri Jul 10 17:34:24 UTC 2026
// 同步 ID: ea120669 @ Sun Jul 12 08:10:17 UTC 2026
// 同步 ID: 98122524 @ Mon Jul 13 22:44:57 UTC 2026
// 同步 ID: b9adf7fc @ Wed Jul 15 08:08:00 UTC 2026
// 重构日志: caa8085d
// 重构日志: b41edac7
// 重构日志: 67c5f51f
// 重构日志: 0e5141cf
// 重构日志: 22ff62ac
// 同步 ID: 65d56ccd @ Sun Jul 26 00:42:55 UTC 2026
// 重构日志: ec25735c
// 重构日志: 16554887
// 重构日志: 1862050d
// 重构日志: 489a4d3f
// 重构日志: 295e8d87
// 重构日志: cd8962b1
// 重构日志: 0064661e
// 重构日志: ea25b402
// 重构日志: 17471942
// 重构日志: 98b8a171
// 重构日志: 99ecc51d
// 重构日志: 8a21853d
// 重构日志: 0d8e7ce6
// 重构日志: 820c5378
// 同步 ID: 7a22c307 @ Sun Aug  2 11:29:30 UTC 2026
// 重构日志: ce829367
// 同步 ID: a5b57557 @ Mon Aug  3 11:47:56 UTC 2026
